src/components/Products/ProductList.tsx(108,9): error TS2322: Type '(id: number, data: UpdateProductDTO) => Promise<Product>' is not assignable to type '(id: number, data: CreateProductDTO) => Promise<void>'.
  Type 'Promise<Product>' is not assignable to type 'Promise<void>'.
    Type 'Product' is not assignable to type 'void'.
